error: expected `,`
 --> tests/05-field_attribute_error.rs:5:79
  |
5 |     #[dialogue(default = ["wasm-project","wasm-project2"], prompt = "请输入项目名称" options=["wasm-project","wasm-project2",123], multi_sel    ...
  |                                                                                      ^^^^^^^
